#-----------------------------------------------------------
# Webtalk v2019.2 (64-bit)
# SW Build 2708876 on Wed Nov  6 21:40:23 MST 2019
# IP Build 2700528 on Thu Nov  7 00:09:20 MST 2019
# Start of session at: Wed Apr  1 20:40:58 2020
# Process ID: 1712
# Current directory: C:/Users/RAPH/Documents/Polytechnique/Systemes_Logiques_Programmables/Labos/Projet2GitHub/ELE3311_Projet2/projet2_raph_oumou/projet2_raph_oumou.sim/sim_1/behav/xsim
# Command line: wbtcv.exe -mode batch -source C:/Users/RAPH/Documents/Polytechnique/Systemes_Logiques_Programmables/Labos/Projet2GitHub/ELE3311_Projet2/projet2_raph_oumou/projet2_raph_oumou.sim/sim_1/behav/xsim/xsim.dir/simon_affichage_del_evaluation_tb_behav/webtalk/xsim_webtalk.tcl -notrace
# Log file: C:/Users/RAPH/Documents/Polytechnique/Systemes_Logiques_Programmables/Labos/Projet2GitHub/ELE3311_Projet2/projet2_raph_oumou/projet2_raph_oumou.sim/sim_1/behav/xsim/webtalk.log
# Journal file: C:/Users/RAPH/Documents/Polytechnique/Systemes_Logiques_Programmables/Labos/Projet2GitHub/ELE3311_Projet2/projet2_raph_oumou/projet2_raph_oumou.sim/sim_1/behav/xsim\webtalk.jou
#-----------------------------------------------------------
source C:/Users/RAPH/Documents/Polytechnique/Systemes_Logiques_Programmables/Labos/Projet2GitHub/ELE3311_Projet2/projet2_raph_oumou/projet2_raph_oumou.sim/sim_1/behav/xsim/xsim.dir/simon_affichage_del_evaluation_tb_behav/webtalk/xsim_webtalk.tcl -notrace
