#-----------------------------------------------------------
# Vivado v2019.1 (64-bit)
# SW Build 2552052 on Fri May 24 14:49:42 MDT 2019
# IP Build 2548770 on Fri May 24 18:01:18 MDT 2019
# Start of session at: Fri Mar 13 11:16:06 2020
# Process ID: 5936
# Current directory: F:/ELE3311_LAB/projet2/projet2_raph_oumou
# Command line: vivado.exe -gui_launcher_event rodinguilauncherevent11940 F:\ELE3311_LAB\projet2\projet2_raph_oumou\projet2_raph_oumou.xpr
# Log file: F:/ELE3311_LAB/projet2/projet2_raph_oumou/vivado.log
# Journal file: F:/ELE3311_LAB/projet2/projet2_raph_oumou\vivado.jou
#-----------------------------------------------------------
start_gui
open_project F:/ELE3311_LAB/projet2/projet2_raph_oumou/projet2_raph_oumou.xpr
update_compile_order -fileset sources_1
# Disabling source management mode.  This is to allow the top design properties to be set without GUI intervention.
set_property source_mgmt_mode None [current_project]
set_property top lumi [current_fileset]
# Re-enabling previously disabled source management mode.
set_property source_mgmt_mode All [current_project]
update_compile_order -fileset sources_1
launch_simulation
source simon_affichage_del_tb.tcl
# Disabling source management mode.  This is to allow the top design properties to be set without GUI intervention.
set_property source_mgmt_mode None [current_project]
set_property top msa_simon_tb [get_filesets sim_1]
set_property top_lib xil_defaultlib [get_filesets sim_1]
# Re-enabling previously disabled source management mode.
set_property source_mgmt_mode All [current_project]
update_compile_order -fileset sim_1
launch_simulation
launch_simulation
# Disabling source management mode.  This is to allow the top design properties to be set without GUI intervention.
set_property source_mgmt_mode None [current_project]
set_property top msa_simon [current_fileset]
# Re-enabling previously disabled source management mode.
set_property source_mgmt_mode All [current_project]
update_compile_order -fileset sources_1
launch_simulation
launch_simulation
close_sim
launch_simulation
source msa_simon_tb.tcl
close_sim
