#-----------------------------------------------------------
# Vivado v2019.1 (64-bit)
# SW Build 2552052 on Fri May 24 14:49:42 MDT 2019
# IP Build 2548770 on Fri May 24 18:01:18 MDT 2019
# Start of session at: Thu Mar 12 12:04:12 2020
# Process ID: 1144
# Current directory: F:/ELE3311_LAB/projet2/projet2_raph_oumou
# Command line: vivado.exe -gui_launcher_event rodinguilauncherevent2936 F:\ELE3311_LAB\projet2\projet2_raph_oumou\projet2_raph_oumou.xpr
# Log file: F:/ELE3311_LAB/projet2/projet2_raph_oumou/vivado.log
# Journal file: F:/ELE3311_LAB/projet2/projet2_raph_oumou\vivado.jou
#-----------------------------------------------------------
start_gui
open_project F:/ELE3311_LAB/projet2/projet2_raph_oumou/projet2_raph_oumou.xpr
update_compile_order -fileset sources_1
update_files -from_files F:/ELE3311_LAB/projet2/Sources/msa_simon.vhd -to_files U:/projet2_raph_oumou/rtl/msa_simon.vhd -filesets [get_filesets *]
update_files -from_files F:/ELE3311_LAB/projet2/Sources/simon_affichage_del.vhd -to_files F:/ELE3311_LAB/projet2/projet2_raph_oumou/projet2_raph_oumou.srcs/sources_1/imports/rtl/simon_affichage_del.vhd -filesets [get_filesets *]
update_files -from_files F:/ELE3311_LAB/projet2/Sources/heartbeat.vhd -to_files U:/projet2_raph_oumou/rtl/heartbeat.vhd -filesets [get_filesets *]
update_files -from_files F:/ELE3311_LAB/projet2/Sources/prbs7_tb.vhd -to_files F:/ELE3311_LAB/projet2/projet2_raph_oumou/projet2_raph_oumou.srcs/sim_1/new/prbs7_tb.vhd -filesets [get_filesets *]
update_files -from_files F:/ELE3311_LAB/projet2/Sources/prbs7.vhd -to_files U:/projet2_raph_oumou/rtl/prbs7.vhd -filesets [get_filesets *]
update_files -from_files F:/ELE3311_LAB/projet2/Sources/simon_affichage_del_tb.vhd -to_files U:/projet2_raph_oumou/sim/simon_affichage_del_tb.vhd -filesets [get_filesets *]
update_files -from_files F:/ELE3311_LAB/projet2/Sources/delay_cnt.vhd -to_files U:/projet2_raph_oumou/rtl/delay_cnt.vhd -filesets [get_filesets *]
update_files -from_files F:/ELE3311_LAB/projet2/Sources/dbnc.vhd -to_files U:/projet2_raph_oumou/rtl/dbnc.vhd -filesets [get_filesets *]
set_property SOURCE_SET sources_1 [get_filesets sim_1]
import_files -fileset sim_1 -norecurse F:/ELE3311_LAB/projet2/Sources/msa_simon_tb.vhd
update_compile_order -fileset sim_1
launch_simulation
source prbs7_tb.tcl
close_sim
# Disabling source management mode.  This is to allow the top design properties to be set without GUI intervention.
set_property source_mgmt_mode None [current_project]
set_property top msa_simon_tb [get_filesets sim_1]
set_property top_lib xil_defaultlib [get_filesets sim_1]
# Re-enabling previously disabled source management mode.
set_property source_mgmt_mode All [current_project]
update_compile_order -fileset sim_1
launch_simulation
